utt1 [('SIL', 0, 42), ('w_B', 42, 4), ("'a_I", 46, 3), ('n_E', 49, 5), ('SIL', 54, 1), ('t_B', 55, 4), ("'u_E", 59, 6), ('T_B', 65, 5), ('r_I', 70, 3), ("'i_E", 73, 6), ('f_B', 79, 6), ("'o_I", 85, 9), ('r_E', 94, 1), ('SIL', 95, 2), ('f_B', 97, 6), ("'aI_I", 103, 5), ('v_E', 108, 3), ('SIL', 111, 1), ('s_B', 112, 4), ("'I_I", 116, 2), ('k_I', 118, 4), ('s_E', 122, 2), ('s_B', 124, 3), ("'E_I", 127, 3), ('v_I', 130, 2), ('a_I', 132, 2), ('n_E', 134, 3), ('SIL', 137, 6), ("'e_B", 143, 7), ('I_I', 150, 1), ('t_E', 151, 9), ('SIL', 160, 44)]
