utt1 [('<eps>', 0, 42), ('one', 42, 12), ('<eps>', 54, 1), ('two', 55, 10), ('three', 65, 14), ('four', 79, 16), ('<eps>', 95, 2), ('five', 97, 14), ('<eps>', 111, 1), ('six', 112, 12), ('seven', 124, 13), ('<eps>', 137, 6), ('eight', 143, 17), ('<eps>', 160, 44)]
